// Jest Snapshot v1, https://goo.gl/fbAQLP

exports[`Default button 1`] = `
<button
  className="button-default "
  disabled={null}
>
  123
</button>
`;

exports[`Default button 2`] = `
<button
  className="button-default "
  disabled={null}
>
  123
</button>
`;

exports[`Default button 3`] = `
<button
  className="button-default "
  disabled={null}
>
  123
</button>
`;

exports[`Default button 4`] = `
<button
  className="button-default "
  disabled={null}
>
  123
</button>
`;

exports[`Default button 5`] = `
<button
  className="button-default "
  disabled={null}
>
  123
</button>
`;

exports[`Default button 6`] = `
<button
  className="button-default "
  disabled={null}
>
  123
</button>
`;
